Microchip MPLAB XC8 Compiler V1.37 ()

Linker command line:

-W3 --edf=C:\Program Files (x86)\Microchip\xc8\v1.37\dat\en_msgs.txt -cs \
  -h+dist/default/production\cube.X.production.sym \
  --cmf=dist/default/production\cube.X.production.cmf -z -Q16F877 \
  -oE:\Temp\s43g.2 -Mdist/default/production/cube.X.production.map -E1 \
  -ver=XC8 -ASTACK=042h-06fh -pstack=STACK -ACODE=00h-07FFhx4 \
  -ASTRCODE=00h-01FFFh -ASTRING=00h-0FFhx32 -ACONST=00h-0FFhx32 \
  -AENTRY=00h-0FFhx32 -ACOMMON=070h-07Fh -ABANK0=021h-06Fh \
  -ABANK1=0A0h-0EFh -ABANK2=0110h-016Fh -ABANK3=0190h-01EFh \
  -ARAM=021h-06Fh,0A0h-0EFh,0110h-016Fh,0190h-01EFh \
  -AABS1=020h-07Fh,0A0h-0EFh,0110h-016Fh,0190h-01EFh -ASFR0=00h-020h \
  -ASFR1=080h-09Fh -ASFR2=0100h-010Fh -ASFR3=0180h-018Fh \
  -preset_vec=00h,intentry=04h,init,end_init -ppowerup=CODE -pcinit=CODE \
  -pfunctab=CODE -ACONFIG=02007h-02007h -pconfig=CONFIG -DCONFIG=2 \
  -AIDLOC=02000h-02003h -pidloc=IDLOC -DIDLOC=2 -AEEDATA=00h-0FFh/02100h \
  -peeprom_data=EEDATA -DEEDATA=2 -DCODE=2 -DSTRCODE=2 -DSTRING=2 -DCONST=2 \
  -DENTRY=2 -k E:\Temp\s43g.obj \
  dist/default/production\cube.X.production.obj 

Object code version is 3.11

Machine type is 16F877



                Name                               Link     Load   Length Selector   Space Scale
E:\Temp\s43g.obj
                end_init                             15       15        3        8       0
                init                                 12       12        3        8       0
                reset_vec                             0        0        4        0       0
                config                             2007     2007        1     400E       0
dist/default/production\cube.X.production.obj
                cinit                               7B7      7B7       49      F6E       0
                intentry                              4        4        E        8       0
                text10                              626      626       6A      C4C       0
                text9                               563      563       17      AC6       0
                text8                               550      550       13      AA0       0
                text7                               690      690      127      D20       0
                text6                               544      544        C      A88       0
                text5                               591      591       18      B22       0
                text4                               57A      57A       17      AF4       0
                text3                               5A9      5A9       18      B52       0
                text2                               5C1      5C1       25      B82       0
                text1                               539      539        B      A72       0
                maintext                            5E6      5E6       40      BCC       0
                cstackBANK0                          21       21       1C       21       1
                cstackCOMMON                         70       70        5       70       1
                clrtext                             531      531        8      A62       0
                bssBANK2                            110      110       48      110       1
                bssBANK3                            190      190       48      190       1
                bssBANK1                             A0       A0       40       A0       1
                dataBANK0                            3D       3D        4       21       1
                bssBANK0                             41       41        1       21       1
                dataCOMMON                           75       75        3       70       1
                bssCOMMON                            78       78        2       70       1
                strings                              18       18       86       30       0
                idataBANK0                          52D      52D        4      A5A       0
                idataCOMMON                         52A      52A        3      A54       0

TOTAL           Name                               Link     Load   Length     Space
        CLASS   STACK          

        CLASS   CODE           
                end_init                             15       15        3         0
                cinit                               7B7      7B7       49         0
                init                                 12       12        3         0
                intentry                              4        4        E         0
                reset_vec                             0        0        4         0
                text10                              626      626       6A         0
                text9                               563      563       17         0
                text8                               550      550       13         0
                text7                               690      690      127         0
                text6                               544      544        C         0
                text5                               591      591       18         0
                text4                               57A      57A       17         0
                text3                               5A9      5A9       18         0
                text2                               5C1      5C1       25         0
                text1                               539      539        B         0
                maintext                            5E6      5E6       40         0
                clrtext                             531      531        8         0
                idataBANK0                          52D      52D        4         0
                idataCOMMON                         52A      52A        3         0

        CLASS   STRCODE        

        CLASS   STRING         
                strings                              18       18       86         0

        CLASS   CONST          

        CLASS   ENTRY          

        CLASS   COMMON         
                cstackCOMMON                         70       70        5         1
                dataCOMMON                           75       75        3         1
                bssCOMMON                            78       78        2         1

        CLASS   BANK0          
                cstackBANK0                          21       21       1C         1
                dataBANK0                            3D       3D        4         1
                bssBANK0                             41       41        1         1

        CLASS   BANK1          
                bssBANK1                             A0       A0       40         1

        CLASS   BANK2          
                bssBANK2                            110      110       48         1

        CLASS   BANK3          
                bssBANK3                            190      190       48         1

        CLASS   RAM            

        CLASS   ABS1           
                abs_s1                               7E       7E        2         1

        CLASS   SFR0           

        CLASS   SFR1           

        CLASS   SFR2           

        CLASS   SFR3           

        CLASS   CONFIG         
                config                             2007     2007        1         0

        CLASS   IDLOC          

        CLASS   EEDATA         



SEGMENTS        Name                           Load    Length   Top    Selector   Space  Class     Delta

                reset_vec                      000000  000004  000004         0       0  CODE        2
                intentry                       000004  000014  000018         8       0  CODE        2
                cstackBANK0                    000021  000021  000042        21       1  BANK0       1
                strings                        000018  000086  00009E        30       0  STRING      2
                cstackCOMMON                   000070  00000A  00007A        70       1  COMMON      1
                bssBANK1                       0000A0  000040  0000E0        A0       1  BANK1       1
                bssBANK2                       000110  000048  000158       110       1  BANK2       1
                bssBANK3                       000190  000048  0001D8       190       1  BANK3       1
                idataCOMMON                    00052A  000003  00052D       A54       0  CODE        2
                idataBANK0                     00052D  000004  000531       A5A       0  CODE        2
                clrtext                        000531  000008  000539       A62       0  CODE        2
                text1                          000539  00000B  000544       A72       0  CODE        2
                text6                          000544  00000C  000550       A88       0  CODE        2
                text8                          000550  000013  000563       AA0       0  CODE        2
                text9                          000563  000017  00057A       AC6       0  CODE        2
                text4                          00057A  000017  000591       AF4       0  CODE        2
                text5                          000591  000018  0005A9       B22       0  CODE        2
                text3                          0005A9  000018  0005C1       B52       0  CODE        2
                text2                          0005C1  000025  0005E6       B82       0  CODE        2
                maintext                       0005E6  000040  000626       BCC       0  CODE        2
                text10                         000626  00006A  000690       C4C       0  CODE        2
                text7                          000690  000127  0007B7       D20       0  CODE        2
                cinit                          0007B7  000049  000800       F6E       0  CODE        2
                config                         002007  000001  002008      400E       0  CONFIG      2


UNUSED ADDRESS RANGES

        Name                Unused          Largest block    Delta
        BANK0            0042-006F             2E           1
        BANK1            00E0-00EF             10           1
        BANK2            0158-016F             18           1
        BANK3            01D8-01EF             18           1
        CODE             009E-0529            48C           2
                         0800-1FFF            800
        COMMON           007A-007D              4           1
        CONST            009E-0529            100           2
                         0800-1FFF            100
        EEDATA           2100-21FF            100           2
        ENTRY            009E-0529            100           2
                         0800-1FFF            100
        IDLOC            2000-2003              4           2
        RAM              0042-006F             2E           1
                         00E0-00EF             10
                         0158-016F             18
                         01D8-01EF             18
        SFR0             0000-0020             21           1
        SFR1             0080-009F             20           1
        SFR2             0100-010F             10           1
        SFR3             0180-018F             10           1
        STACK            0042-006F             2E           1
        STRCODE          009E-0529            48C           2
                         0800-1FFF           1800
        STRING           009E-0529            100           2
                         0800-1FFF            100

                                  Symbol Table

_ADCON0bits              (abs)        001F
_ADCON1                  (abs)        009F
_INTCONbits              (abs)        000B
_OPTION_REGbits          (abs)        0081
_PORTA                   (abs)        0005
_PORTAbits               (abs)        0005
_PORTB                   (abs)        0006
_PORTC                   (abs)        0007
_PORTD                   (abs)        0008
_PORTE                   (abs)        0009
_TRISA                   (abs)        0085
_TRISAbits               (abs)        0085
_TRISB                   (abs)        0086
_TRISC                   (abs)        0087
_TRISD                   (abs)        0088
_TRISE                   (abs)        0089
__CFG_BOREN$OFF          (abs)        0000
__CFG_CP$OFF             (abs)        0000
__CFG_CPD$OFF            (abs)        0000
__CFG_FOSC$HS            (abs)        0000
__CFG_LVP$OFF            (abs)        0000
__CFG_PWRTE$OFF          (abs)        0000
__CFG_WDTE$ON            (abs)        0000
__CFG_WRT$OFF            (abs)        0000
__Habs1                  abs1         0000
__Hbank0                 bank0        0000
__Hbank1                 bank1        0000
__Hbank2                 bank2        0000
__Hbank3                 bank3        0000
__HbssBANK0              bssBANK0     0000
__HbssBANK1              bssBANK1     0000
__HbssBANK2              bssBANK2     0000
__HbssBANK3              bssBANK3     0000
__HbssCOMMON             bssCOMMON    0000
__Hcinit                 cinit        0800
__Hclrtext               clrtext      0000
__Hcode                  code         0000
__Hcommon                common       0000
__Hconfig                config       2008
__HcstackBANK0           cstackBANK0  0000
__HcstackCOMMON          cstackCOMMON 0000
__HdataBANK0             dataBANK0    0000
__HdataCOMMON            dataCOMMON   0000
__Heeprom_data           eeprom_data  0000
__Hend_init              end_init     0018
__Hfunctab               functab      0000
__HidataBANK0            idataBANK0   0000
__HidataCOMMON           idataCOMMON  0000
__Hidloc                 idloc        0000
__Hinit                  init         0015
__Hintentry              intentry     0012
__Hmaintext              maintext     0000
__Hpowerup               powerup      0000
__Hram                   ram          0000
__Hreset_vec             reset_vec    0004
__Hsfr0                  sfr0         0000
__Hsfr1                  sfr1         0000
__Hsfr2                  sfr2         0000
__Hsfr3                  sfr3         0000
__Hspace_0               (abs)        2008
__Hspace_1               (abs)        01D8
__Hspace_2               (abs)        0000
__Hspace_3               (abs)        0000
__Hstack                 stack        0000
__Hstrings               strings      0000
__Htext                  text         0000
__Labs1                  abs1         0000
__Lbank0                 bank0        0000
__Lbank1                 bank1        0000
__Lbank2                 bank2        0000
__Lbank3                 bank3        0000
__LbssBANK0              bssBANK0     0000
__LbssBANK1              bssBANK1     0000
__LbssBANK2              bssBANK2     0000
__LbssBANK3              bssBANK3     0000
__LbssCOMMON             bssCOMMON    0000
__Lcinit                 cinit        07B7
__Lclrtext               clrtext      0000
__Lcode                  code         0000
__Lcommon                common       0000
__Lconfig                config       2007
__LcstackBANK0           cstackBANK0  0000
__LcstackCOMMON          cstackCOMMON 0000
__LdataBANK0             dataBANK0    0000
__LdataCOMMON            dataCOMMON   0000
__Leeprom_data           eeprom_data  0000
__Lend_init              end_init     0015
__Lfunctab               functab      0000
__LidataBANK0            idataBANK0   0000
__LidataCOMMON           idataCOMMON  0000
__Lidloc                 idloc        0000
__Linit                  init         0012
__Lintentry              intentry     0004
__Lmaintext              maintext     0000
__Lpowerup               powerup      0000
__Lram                   ram          0000
__Lreset_vec             reset_vec    0000
__Lsfr0                  sfr0         0000
__Lsfr1                  sfr1         0000
__Lsfr2                  sfr2         0000
__Lsfr3                  sfr3         0000
__Lspace_0               (abs)        0000
__Lspace_1               (abs)        0000
__Lspace_2               (abs)        0000
__Lspace_3               (abs)        0000
__Lstack                 stack        0000
__Lstrings               strings      0000
__Ltext                  text         0000
__S0                     (abs)        2008
__S1                     (abs)        01D8
__S2                     (abs)        0000
__S3                     (abs)        0000
___bmul                  text8        0550
___bmul@multiplicand     cstackBANK0  0021
___bmul@multiplier       cstackBANK0  0024
___bmul@product          cstackBANK0  0023
___int_sp                stack        0000
___latbits               (abs)        0002
___powerdown             (abs)        0103
___resetbits             (abs)        0020
___sp                    stack        0000
___timeout               (abs)        0104
__end_of___bmul          text8        0563
__end_of__initialization cinit        07FC
__end_of__stringtab      strings      001E
__end_of_demo_init       text4        0591
__end_of_demo_monitor    text2        05E6
__end_of_img_copy        text6        0550
__end_of_img_set         text5        05A9
__end_of_img_xor         text3        05C1
__end_of_intrpt          text9        057A
__end_of_main            maintext     0626
__end_of_remap           strings      009E
__end_of_scan_copy       text7        07B7
__end_of_scan_irq        text10       0690
__end_of_tm0init         text1        0544
__initialization         cinit        07B7
__pbssBANK0              bssBANK0     0041
__pbssBANK1              bssBANK1     00A0
__pbssBANK2              bssBANK2     0110
__pbssBANK3              bssBANK3     0190
__pbssCOMMON             bssCOMMON    0078
__pcstackBANK0           cstackBANK0  0021
__pcstackCOMMON          cstackCOMMON 0070
__pdataBANK0             dataBANK0    003D
__pdataCOMMON            dataCOMMON   0075
__pidataBANK0            idataBANK0   052D
__pidataCOMMON           idataCOMMON  052A
__pintentry              intentry     0004
__pmaintext              maintext     05E6
__pstrings               strings      0018
__ptext1                 text1        0539
__ptext10                text10       0626
__ptext2                 text2        05C1
__ptext3                 text3        05A9
__ptext4                 text4        057A
__ptext5                 text5        0591
__ptext6                 text6        0544
__ptext7                 text7        0690
__ptext8                 text8        0550
__ptext9                 text9        0563
__size_of___bmul         (abs)        0000
__size_of_demo_init      (abs)        0000
__size_of_demo_monitor   (abs)        0000
__size_of_img_copy       (abs)        0000
__size_of_img_set        (abs)        0000
__size_of_img_xor        (abs)        0000
__size_of_intrpt         (abs)        0000
__size_of_main           (abs)        0000
__size_of_scan_copy      (abs)        0000
__size_of_scan_irq       (abs)        0000
__size_of_tm0init        (abs)        0000
__stringbase             strings      001D
__stringtab              strings      0018
_buffer0                 bssBANK3     0190
_buffer1                 bssBANK2     0110
_demo_init               text4        057A
_demo_monitor            text2        05C1
_image                   bssBANK1     00A0
_img_copy                text6        0544
_img_set                 text5        0591
_img_xor                 text3        05A9
_intrpt                  text9        0563
_main                    maintext     05E6
_out                     dataBANK0    003D
_ptr                     bssBANK0     0041
_remap                   strings      001E
_scan_copy               text7        0690
_scan_irq                text10       0626
_tm0init                 text1        0539
btemp                    (abs)        007E
clear_ram0               clrtext      0531
demo_monitor@cnt         dataBANK0    003F
end_of_initialization    cinit        07FC
img_copy@img             cstackBANK0  0039
img_copy@p               cstackBANK0  003B
img_set@i                cstackBANK0  0024
img_set@img              cstackBANK0  0021
img_set@mask             cstackBANK0  0023
img_xor@i                cstackBANK0  0024
img_xor@img              cstackBANK0  0021
img_xor@x                cstackBANK0  0023
interrupt_function       intentry     0004
intlevel0                functab      0000
intlevel1                functab      0000
intlevel2                functab      0000
intlevel3                functab      0000
intlevel4                functab      0000
intlevel5                functab      0000
ltemp                    (abs)        007E
ltemp0                   (abs)        007E
ltemp1                   (abs)        0082
ltemp2                   (abs)        0086
ltemp3                   (abs)        0080
reset_vec                reset_vec    0000
saved_w                  (abs)        007E
scan_copy@img            cstackBANK0  0025
scan_copy@p              cstackBANK0  0033
scan_copy@pointer        cstackBANK0  0034
scan_copy@x              cstackBANK0  0035
scan_copy@y              cstackBANK0  0037
scan_irq@p               bssCOMMON    0078
scan_irq@step            bssCOMMON    0079
scan_irq@up              dataCOMMON   0075
stackhi                  (abs)        0000
stacklo                  (abs)        0000
start                    init         0012
start_initialization     cinit        07B7
ttemp                    (abs)        007E
ttemp0                   (abs)        007E
ttemp1                   (abs)        0081
ttemp2                   (abs)        0084
ttemp3                   (abs)        0087
ttemp4                   (abs)        007F
wtemp                    (abs)        007E
wtemp0                   (abs)        007E
wtemp1                   (abs)        0080
wtemp2                   (abs)        0082
wtemp3                   (abs)        0084
wtemp4                   (abs)        0086
wtemp5                   (abs)        0088
wtemp6                   (abs)        007F


FUNCTION INFORMATION:

 *************** function _main *****************
 Defined at:
		line 29 in file "main.c"
 Parameters:    Size  Location     Type
		None
 Auto vars:     Size  Location     Type
		None
 Return value:  Size  Location     Type
                  1    wreg      void 
 Registers used:
		wreg, fsr0l, fsr0h, status,2, status,0, btemp+1, pclath, cstack
 Tracked objects:
		On entry : 
		On exit  : 
		Unchanged: 
 Data sizes:     COMMON   BANK0   BANK1   BANK3   BANK2
      Params:         0       0       0       0       0
      Locals:         0       0       0       0       0
      Temps:          0       0       0       0       0
      Totals:         0       0       0       0       0
Total ram usage:        0 bytes
 Hardware stack levels required when called:    6
 This function calls:
		_demo_init
		_demo_monitor
		_tm0init
 This function is called by:
		Startup code after reset
 This function uses a non-reentrant model


 *************** function _tm0init *****************
 Defined at:
		line 16 in file "main.c"
 Parameters:    Size  Location     Type
		None
 Auto vars:     Size  Location     Type
		None
 Return value:  Size  Location     Type
                  1    wreg      void 
 Registers used:
		wreg, status,2, status,0
 Tracked objects:
		On entry : 
		On exit  : 
		Unchanged: 
 Data sizes:     COMMON   BANK0   BANK1   BANK3   BANK2
      Params:         0       0       0       0       0
      Locals:         0       0       0       0       0
      Temps:          0       0       0       0       0
      Totals:         0       0       0       0       0
Total ram usage:        0 bytes
 Hardware stack levels used:    1
 Hardware stack levels required when called:    2
 This function calls:
		Nothing
 This function is called by:
		_main
 This function uses a non-reentrant model


 *************** function _demo_monitor *****************
 Defined at:
		line 14 in file "demo.c"
 Parameters:    Size  Location     Type
		None
 Auto vars:     Size  Location     Type
		None
 Return value:  Size  Location     Type
                  1    wreg      void 
 Registers used:
		wreg, fsr0l, fsr0h, status,2, status,0, btemp+1, pclath, cstack
 Tracked objects:
		On entry : 
		On exit  : 
		Unchanged: 
 Data sizes:     COMMON   BANK0   BANK1   BANK3   BANK2
      Params:         0       0       0       0       0
      Locals:         0       0       0       0       0
      Temps:          0       1       0       0       0
      Totals:         0       1       0       0       0
Total ram usage:        1 bytes
 Hardware stack levels used:    1
 Hardware stack levels required when called:    5
 This function calls:
		_img_copy
		_img_xor
 This function is called by:
		_main
 This function uses a non-reentrant model


 *************** function _img_xor *****************
 Defined at:
		line 29 in file "img.c"
 Parameters:    Size  Location     Type
  x               1    wreg     unsigned char 
  img             1    0[BANK0 ] PTR unsigned char [8]
		 -> image(64), 
 Auto vars:     Size  Location     Type
  x               1    2[BANK0 ] unsigned char 
  i               2    3[BANK0 ] int 
 Return value:  Size  Location     Type
                  1    wreg      void 
 Registers used:
		wreg, fsr0l, fsr0h, status,2, status,0
 Tracked objects:
		On entry : 
		On exit  : 
		Unchanged: 
 Data sizes:     COMMON   BANK0   BANK1   BANK3   BANK2
      Params:         0       1       0       0       0
      Locals:         0       3       0       0       0
      Temps:          0       1       0       0       0
      Totals:         0       5       0       0       0
Total ram usage:        5 bytes
 Hardware stack levels used:    1
 Hardware stack levels required when called:    2
 This function calls:
		Nothing
 This function is called by:
		_demo_monitor
 This function uses a non-reentrant model


 *************** function _demo_init *****************
 Defined at:
		line 8 in file "demo.c"
 Parameters:    Size  Location     Type
		None
 Auto vars:     Size  Location     Type
		None
 Return value:  Size  Location     Type
                  1    wreg      void 
 Registers used:
		wreg, fsr0l, fsr0h, status,2, status,0, btemp+1, pclath, cstack
 Tracked objects:
		On entry : 
		On exit  : 
		Unchanged: 
 Data sizes:     COMMON   BANK0   BANK1   BANK3   BANK2
      Params:         0       0       0       0       0
      Locals:         0       0       0       0       0
      Temps:          0       1       0       0       0
      Totals:         0       1       0       0       0
Total ram usage:        1 bytes
 Hardware stack levels used:    1
 Hardware stack levels required when called:    5
 This function calls:
		_img_copy
		_img_set
 This function is called by:
		_main
 This function uses a non-reentrant model


 *************** function _img_set *****************
 Defined at:
		line 13 in file "img.c"
 Parameters:    Size  Location     Type
  mask            1    wreg     unsigned char 
  img             1    0[BANK0 ] PTR unsigned char [8]
		 -> image(64), 
 Auto vars:     Size  Location     Type
  mask            1    2[BANK0 ] unsigned char 
  i               2    3[BANK0 ] int 
 Return value:  Size  Location     Type
                  1    wreg      void 
 Registers used:
		wreg, fsr0l, fsr0h, status,2, status,0
 Tracked objects:
		On entry : 
		On exit  : 
		Unchanged: 
 Data sizes:     COMMON   BANK0   BANK1   BANK3   BANK2
      Params:         0       1       0       0       0
      Locals:         0       3       0       0       0
      Temps:          0       1       0       0       0
      Totals:         0       5       0       0       0
Total ram usage:        5 bytes
 Hardware stack levels used:    1
 Hardware stack levels required when called:    2
 This function calls:
		Nothing
 This function is called by:
		_demo_init
 This function uses a non-reentrant model


 *************** function _img_copy *****************
 Defined at:
		line 7 in file "img.c"
 Parameters:    Size  Location     Type
  p               1    wreg     unsigned char 
  img             1   24[BANK0 ] PTR unsigned char [8]
		 -> image(64), 
 Auto vars:     Size  Location     Type
  p               1   26[BANK0 ] unsigned char 
 Return value:  Size  Location     Type
                  1    wreg      void 
 Registers used:
		wreg, fsr0l, fsr0h, status,2, status,0, btemp+1, pclath, cstack
 Tracked objects:
		On entry : 
		On exit  : 
		Unchanged: 
 Data sizes:     COMMON   BANK0   BANK1   BANK3   BANK2
      Params:         0       1       0       0       0
      Locals:         0       1       0       0       0
      Temps:          0       1       0       0       0
      Totals:         0       3       0       0       0
Total ram usage:        3 bytes
 Hardware stack levels used:    1
 Hardware stack levels required when called:    4
 This function calls:
		_scan_copy
 This function is called by:
		_demo_init
		_demo_monitor
 This function uses a non-reentrant model


 *************** function _scan_copy *****************
 Defined at:
		line 71 in file "scan.c"
 Parameters:    Size  Location     Type
  p               1    wreg     const unsigned char 
  img             1    4[BANK0 ] PTR unsigned char [8]
		 -> image(64), 
 Auto vars:     Size  Location     Type
  p               1   18[BANK0 ] const unsigned char 
  y               2   22[BANK0 ] int 
  x               2   20[BANK0 ] int 
  pointer         1   19[BANK0 ] PTR unsigned char 
		 -> buffer1(72), buffer0(72), 
 Return value:  Size  Location     Type
                  1    wreg      void 
 Registers used:
		wreg, fsr0l, fsr0h, status,2, status,0, btemp+1, pclath, cstack
 Tracked objects:
		On entry : 
		On exit  : 
		Unchanged: 
 Data sizes:     COMMON   BANK0   BANK1   BANK3   BANK2
      Params:         0       1       0       0       0
      Locals:         0       6       0       0       0
      Temps:          0      13       0       0       0
      Totals:         0      20       0       0       0
Total ram usage:       20 bytes
 Hardware stack levels used:    1
 Hardware stack levels required when called:    3
 This function calls:
		___bmul
 This function is called by:
		_img_copy
 This function uses a non-reentrant model


 *************** function ___bmul *****************
 Defined at:
		line 4 in file "C:\Program Files (x86)\Microchip\xc8\v1.37\sources\common\Umul8.c"
 Parameters:    Size  Location     Type
  multiplier      1    wreg     unsigned char 
  multiplicand    1    0[BANK0 ] unsigned char 
 Auto vars:     Size  Location     Type
  multiplier      1    3[BANK0 ] unsigned char 
  product         1    2[BANK0 ] unsigned char 
 Return value:  Size  Location     Type
                  1    wreg      unsigned char 
 Registers used:
		wreg, status,2, status,0
 Tracked objects:
		On entry : 
		On exit  : 
		Unchanged: 
 Data sizes:     COMMON   BANK0   BANK1   BANK3   BANK2
      Params:         0       1       0       0       0
      Locals:         0       2       0       0       0
      Temps:          0       1       0       0       0
      Totals:         0       4       0       0       0
Total ram usage:        4 bytes
 Hardware stack levels used:    1
 Hardware stack levels required when called:    2
 This function calls:
		Nothing
 This function is called by:
		_scan_copy
 This function uses a non-reentrant model


 *************** function _intrpt *****************
 Defined at:
		line 59 in file "main.c"
 Parameters:    Size  Location     Type
		None
 Auto vars:     Size  Location     Type
		None
 Return value:  Size  Location     Type
                  1    wreg      void 
 Registers used:
		wreg, fsr0l, fsr0h, status,2, status,0, pclath, cstack
 Tracked objects:
		On entry : 
		On exit  : 
		Unchanged: 
 Data sizes:     COMMON   BANK0   BANK1   BANK3   BANK2
      Params:         0       0       0       0       0
      Locals:         0       0       0       0       0
      Temps:          4       0       0       0       0
      Totals:         4       0       0       0       0
Total ram usage:        4 bytes
 Hardware stack levels used:    1
 Hardware stack levels required when called:    1
 This function calls:
		_scan_irq
 This function is called by:
		Interrupt level 1
 This function uses a non-reentrant model


 *************** function _scan_irq *****************
 Defined at:
		line 12 in file "scan.c"
 Parameters:    Size  Location     Type
		None
 Auto vars:     Size  Location     Type
		None
 Return value:  Size  Location     Type
                  2   40[None  ] int 
 Registers used:
		wreg, fsr0l, fsr0h, status,2, status,0
 Tracked objects:
		On entry : 
		On exit  : 
		Unchanged: 
 Data sizes:     COMMON   BANK0   BANK1   BANK3   BANK2
      Params:         0       0       0       0       0
      Locals:         0       0       0       0       0
      Temps:          1       0       0       0       0
      Totals:         1       0       0       0       0
Total ram usage:        1 bytes
 Hardware stack levels used:    1
 This function calls:
		Nothing
 This function is called by:
		_intrpt
 This function uses a non-reentrant model



MODULE INFORMATION

Module		Function		Class		Link	Load	Size
demo.c
		_demo_init     		CODE           	057A	0000	24
		_demo_monitor  		CODE           	05C1	0000	38

demo.c estimated size: 62

C:\Program Files (x86)\Microchip\xc8\v1.37\sources\common\Umul8.c
		___bmul        		CODE           	0550	0000	20

C:\Program Files (x86)\Microchip\xc8\v1.37\sources\common\Umul8.c estimated size: 20

scan.c
		_scan_copy     		CODE           	0690	0000	296
		_scan_irq      		CODE           	0626	0000	107

scan.c estimated size: 403

shared
		__stringtab    		STRING         	0018	0000	7
		__initialization		CODE           	07B7	0000	70
		_remap         		STRING         	001E	0000	129

shared estimated size: 206

img.c
		_img_xor       		CODE           	05A9	0000	25
		_img_copy      		CODE           	0544	0000	13
		_img_set       		CODE           	0591	0000	25

img.c estimated size: 63

main.c
		_main          		CODE           	05E6	0000	65
		_intrpt        		CODE           	0563	0000	24
		_tm0init       		CODE           	0539	0000	12

main.c estimated size: 101

